ami-id
ami-launch-index
ami-manifest-path
block-device-mapping/
elastic-inference/
events/
hostname
iam/
instance-action
instance-id
instance-life-cycle
instance-type
kernel-id
local-hostname
local-ipv4
mac
network/
placement/
product-codes
public-hostname
public-ipv4
public-keys/
ramdisk-id
reservation-id
security-groups
services/
tags/