device-number
interface-id
ipv4-associations/
ipv6s
local-hostname
local-ipv4s
mac
network-card-index
owner-id
public-hostname
public-ipv4s
security-group-ids
security-groups
subnet-id
subnet-ipv4-cidr-block
subnet-ipv6-cidr-blocks
vpc-id
vpc-ipv4-cidr-block
vpc-ipv4-cidr-blocks
vpc-ipv6-cidr-blocks